c:\users\josue\onedrive\desktop\koi\koi\koi\debug\vc143.pdb
c:\users\josue\onedrive\desktop\koi\koi\koi\debug\.netframework,version=v4.7.2.assemblyattributes.obj
c:\users\josue\onedrive\desktop\koi\koi\koi\debug\ventanausuarios.obj
c:\users\josue\onedrive\desktop\koi\koi\koi\debug\funciones.obj
c:\users\josue\onedrive\desktop\koi\koi\koi\debug\descubrimientos.obj
c:\users\josue\onedrive\desktop\koi\koi\koi\debug\ventanaprincipal.obj
c:\users\josue\onedrive\desktop\koi\koi\koi\debug\ventana3.obj
c:\users\josue\onedrive\desktop\koi\koi\koi\debug\ventana2.obj
c:\users\josue\onedrive\desktop\koi\koi\koi\debug\historial.obj
c:\users\josue\onedrive\desktop\koi\koi\debug\koi.exe
c:\users\josue\onedrive\desktop\koi\koi\debug\koi.pdb
c:\users\josue\onedrive\desktop\koi\koi\koi\debug\main.obj
c:\users\josue\onedrive\desktop\koi\koi\koi\debug\koi.resource1.resources
c:\users\josue\onedrive\desktop\koi\koi\koi\debug\koi.tlog\cl.command.1.tlog
c:\users\josue\onedrive\desktop\koi\koi\koi\debug\koi.tlog\cl.items.tlog
c:\users\josue\onedrive\desktop\koi\koi\koi\debug\koi.tlog\cl.read.1.tlog
c:\users\josue\onedrive\desktop\koi\koi\koi\debug\koi.tlog\cl.write.1.tlog
c:\users\josue\onedrive\desktop\koi\koi\koi\debug\koi.tlog\link.command.1.tlog
c:\users\josue\onedrive\desktop\koi\koi\koi\debug\koi.tlog\link.read.1.tlog
c:\users\josue\onedrive\desktop\koi\koi\koi\debug\koi.tlog\link.secondary.1.tlog
c:\users\josue\onedrive\desktop\koi\koi\koi\debug\koi.tlog\link.write.1.tlog
c:\users\josue\onedrive\desktop\koi\koi\koi\debug\koi.tlog\metagen.read.1.tlog
c:\users\josue\onedrive\desktop\koi\koi\koi\debug\koi.tlog\metagen.write.1.tlog
c:\users\josue\onedrive\desktop\koi\koi\koi\debug\koi.tlog\rc.command.1.tlog
c:\users\josue\onedrive\desktop\koi\koi\koi\debug\koi.tlog\rc.read.1.tlog
c:\users\josue\onedrive\desktop\koi\koi\koi\debug\koi.tlog\rc.write.1.tlog
c:\users\josue\onedrive\desktop\koi\koi\koi\debug\koi.tlog\resgen.command.1.tlog
c:\users\josue\onedrive\desktop\koi\koi\koi\debug\koi.tlog\resgen.read.1.tlog
c:\users\josue\onedrive\desktop\koi\koi\koi\debug\koi.tlog\resgen.write.1.tlog
